[cloudera@quickstart ~]$ hadoop jar /usr/lib/hadoop-mapreduce/hadoop-streaming.jar    -input /user/cloudera/input    -output /user/cloudera/output    -mapper /home/cloudera/wordcount_mapper.py    -reducer /home/cloudera/wordcount_reducer.py
packageJobJar: [] [/usr/jars/hadoop-streaming-2.6.0-cdh5.4.2.jar] /tmp/streamjob2002617084943984986.jar tmpDir=null
15/12/20 09:40:59 INFO client.RMProxy: Connecting to ResourceManager at /0.0.0.0:8032
15/12/20 09:40:59 INFO client.RMProxy: Connecting to ResourceManager at /0.0.0.0:8032
15/12/20 09:41:00 WARN security.UserGroupInformation: PriviledgedActionException as:cloudera (auth:SIMPLE) cause:org.apache.hadoop.mapred.FileAlreadyExistsException: Output directory hdfs://quickstart.cloudera:8020/user/cloudera/output already exists
15/12/20 09:41:00 WARN security.UserGroupInformation: PriviledgedActionException as:cloudera (auth:SIMPLE) cause:org.apache.hadoop.mapred.FileAlreadyExistsException: Output directory hdfs://quickstart.cloudera:8020/user/cloudera/output already exists
15/12/20 09:41:00 ERROR streaming.StreamJob: Error Launching job : Output directory hdfs://quickstart.cloudera:8020/user/cloudera/output already exists
Streaming Command Failed!
[cloudera@quickstart ~]$ hdfs dfs -rm /user/cloudera/output
rm: `/user/cloudera/output': Is a directory
[cloudera@quickstart ~]$ hdfs dfs -rm -R /user/cloudera/output
15/12/20 09:41:23 INFO fs.TrashPolicyDefault: Namenode trash configuration: Deletion interval = 0 minutes, Emptier interval = 0 minutes.
Deleted /user/cloudera/output
[cloudera@quickstart ~]$ hadoop jar /usr/lib/hadoop-mapreduce/hadoop-streaming.jar    -input /user/cloudera/input    -output /user/cloudera/output    -mapper /home/cloudera/wordcount_mapper.py    -reducer /home/cloudera/wordcount_reducer.py
packageJobJar: [] [/usr/jars/hadoop-streaming-2.6.0-cdh5.4.2.jar] /tmp/streamjob1052260021238829320.jar tmpDir=null
15/12/20 09:41:30 INFO client.RMProxy: Connecting to ResourceManager at /0.0.0.0:8032
15/12/20 09:41:30 INFO client.RMProxy: Connecting to ResourceManager at /0.0.0.0:8032
15/12/20 09:41:31 INFO mapred.FileInputFormat: Total input paths to process : 2
15/12/20 09:41:31 INFO mapreduce.JobSubmitter: number of splits:3
15/12/20 09:41:31 INFO mapreduce.JobSubmitter: Submitting tokens for job: job_1450583657108_0003
15/12/20 09:41:32 INFO impl.YarnClientImpl: Submitted application application_1450583657108_0003
15/12/20 09:41:32 INFO mapreduce.Job: The url to track the job: http://quickstart.cloudera:8088/proxy/application_1450583657108_0003/
15/12/20 09:41:32 INFO mapreduce.Job: Running job: job_1450583657108_0003
15/12/20 09:41:41 INFO mapreduce.Job: Job job_1450583657108_0003 running in uber mode : false
15/12/20 09:41:41 INFO mapreduce.Job:  map 0% reduce 0%
15/12/20 09:41:56 INFO mapreduce.Job:  map 33% reduce 0%
15/12/20 09:41:58 INFO mapreduce.Job:  map 100% reduce 0%
15/12/20 09:42:07 INFO mapreduce.Job:  map 100% reduce 100%
15/12/20 09:42:08 INFO mapreduce.Job: Job job_1450583657108_0003 completed successfully
15/12/20 09:42:08 INFO mapreduce.Job: Counters: 49
	File System Counters
		FILE: Number of bytes read=136
		FILE: Number of bytes written=450041
		FILE: Number of read operations=0
		FILE: Number of large read operations=0
		FILE: Number of write operations=0
		HDFS: Number of bytes read=415
		HDFS: Number of bytes written=95
		HDFS: Number of read operations=12
		HDFS: Number of large read operations=0
		HDFS: Number of write operations=2
	Job Counters 
		Launched map tasks=3
		Launched reduce tasks=1
		Data-local map tasks=3
		Total time spent by all maps in occupied slots (ms)=41291
		Total time spent by all reduces in occupied slots (ms)=7861
		Total time spent by all map tasks (ms)=41291
		Total time spent by all reduce tasks (ms)=7861
		Total vcore-seconds taken by all map tasks=41291
		Total vcore-seconds taken by all reduce tasks=7861
		Total megabyte-seconds taken by all map tasks=42281984
		Total megabyte-seconds taken by all reduce tasks=8049664
	Map-Reduce Framework
		Map input records=2
		Map output records=15
		Map output bytes=100
		Map output materialized bytes=148
		Input split bytes=339
		Combine input records=0
		Combine output records=0
		Reduce input groups=14
		Reduce shuffle bytes=148
		Reduce input records=15
		Reduce output records=14
		Spilled Records=30
		Shuffled Maps =3
		Failed Shuffles=0
		Merged Map outputs=3
		GC time elapsed (ms)=585
		CPU time spent (ms)=2380
		Physical memory (bytes) snapshot=766922752
		Virtual memory (bytes) snapshot=6014701568
		Total committed heap usage (bytes)=557592576
	Shuffle Errors
		BAD_ID=0
		CONNECTION=0
		IO_ERROR=0
		WRONG_LENGTH=0
		WRONG_MAP=0
		WRONG_REDUCE=0
	File Input Format Counters 
		Bytes Read=76
	File Output Format Counters 
		Bytes Written=95
15/12/20 09:42:08 INFO streaming.StreamJob: Output directory: /user/cloudera/output
[cloudera@quickstart ~]$ hdfs dfs -cat /user/cloudera/output/part-r-00000cat: `/user/cloudera/output/part-r-00000': No such file or directory
[cloudera@quickstart ~]$ hdfs dfs -ls /user/cloudera/inputFound 2 items
-rw-r--r--   1 cloudera cloudera         41 2015-12-19 20:45 /user/cloudera/input/testfile1
-rw-r--r--   1 cloudera cloudera         29 2015-12-19 20:45 /user/cloudera/input/testfile2
[cloudera@quickstart ~]$ hdfs dfs -ls /user/cloudera/output
Found 2 items
-rw-r--r--   1 cloudera cloudera          0 2015-12-20 09:42 /user/cloudera/output/_SUCCESS
-rw-r--r--   1 cloudera cloudera         95 2015-12-20 09:42 /user/cloudera/output/part-00000
[cloudera@quickstart ~]$ hdfs dfs -cat /user/cloudera/output/part-00000
A	1
Another	1
Star	1
Wars	1
a	1
ago	1
away	1
episode	1
far	11
galaxy	1
in	1
long	1
of	1
time	1
[cloudera@quickstart ~]$ 